// Jest Snapshot v1, https://goo.gl/fbAQLP

exports[`Header should render 1`] = `
ShallowWrapper {
  "length": 1,
  Symbol(enzyme.__root__): [Circular],
  Symbol(enzyme.__unrendered__): <Header />,
  Symbol(enzyme.__renderer__): Object {
    "batchedUpdates": [Function],
    "getNode": [Function],
    "render": [Function],
    "simulateEvent": [Function],
    "unmount": [Function],
  },
  Symbol(enzyme.__node__): Object {
    "instance": null,
    "key": undefined,
    "nodeType": "function",
    "props": Object {
      "children": <withHelpersModifiers(Navbar)>
        <withHelpersModifiers(NavbarBrand)
          isDisplay="flex"
          style={
            Object {
              "width": "100%",
            }
          }
        >
          <withHelpersModifiers(NavbarStart)
            style={
              Object {
                "display": "flex",
              }
            }
          >
            <SocialMediaLinks />
          </withHelpersModifiers(NavbarStart)>
          <withHelpersModifiers(NavbarEnd)
            style={
              Object {
                "display": "flex",
                "marginLeft": "auto",
              }
            }
          >
            <NavbarRoute
              content="Home"
              href="/"
            />
            <NavbarRoute
              content="GitHub"
              href="https://github.com/P3rzival/DeckJS"
            />
          </withHelpersModifiers(NavbarEnd)>
        </withHelpersModifiers(NavbarBrand)>
      </withHelpersModifiers(Navbar)>,
    },
    "ref": null,
    "rendered": Object {
      "instance": null,
      "key": undefined,
      "nodeType": "function",
      "props": Object {
        "children": <withHelpersModifiers(NavbarBrand)
          isDisplay="flex"
          style={
            Object {
              "width": "100%",
            }
          }
        >
          <withHelpersModifiers(NavbarStart)
            style={
              Object {
                "display": "flex",
              }
            }
          >
            <SocialMediaLinks />
          </withHelpersModifiers(NavbarStart)>
          <withHelpersModifiers(NavbarEnd)
            style={
              Object {
                "display": "flex",
                "marginLeft": "auto",
              }
            }
          >
            <NavbarRoute
              content="Home"
              href="/"
            />
            <NavbarRoute
              content="GitHub"
              href="https://github.com/P3rzival/DeckJS"
            />
          </withHelpersModifiers(NavbarEnd)>
        </withHelpersModifiers(NavbarBrand)>,
      },
      "ref": null,
      "rendered": Object {
        "instance": null,
        "key": undefined,
        "nodeType": "function",
        "props": Object {
          "children": Array [
            <withHelpersModifiers(NavbarStart)
              style={
                Object {
                  "display": "flex",
                }
              }
            >
              <SocialMediaLinks />
            </withHelpersModifiers(NavbarStart)>,
            <withHelpersModifiers(NavbarEnd)
              style={
                Object {
                  "display": "flex",
                  "marginLeft": "auto",
                }
              }
            >
              <NavbarRoute
                content="Home"
                href="/"
              />
              <NavbarRoute
                content="GitHub"
                href="https://github.com/P3rzival/DeckJS"
              />
            </withHelpersModifiers(NavbarEnd)>,
          ],
          "isDisplay": "flex",
          "style": Object {
            "width": "100%",
          },
        },
        "ref": null,
        "rendered": Array [
          Object {
            "instance": null,
            "key": undefined,
            "nodeType": "function",
            "props": Object {
              "children": <SocialMediaLinks />,
              "style": Object {
                "display": "flex",
              },
            },
            "ref": null,
            "rendered": Object {
              "instance": null,
              "key": undefined,
              "nodeType": "function",
              "props": Object {},
              "ref": null,
              "rendered": null,
              "type": [Function],
            },
            "type": [Function],
          },
          Object {
            "instance": null,
            "key": undefined,
            "nodeType": "function",
            "props": Object {
              "children": Array [
                <NavbarRoute
                  content="Home"
                  href="/"
                />,
                <NavbarRoute
                  content="GitHub"
                  href="https://github.com/P3rzival/DeckJS"
                />,
              ],
              "style": Object {
                "display": "flex",
                "marginLeft": "auto",
              },
            },
            "ref": null,
            "rendered": Array [
              Object {
                "instance": null,
                "key": undefined,
                "nodeType": "function",
                "props": Object {
                  "content": "Home",
                  "href": "/",
                },
                "ref": null,
                "rendered": null,
                "type": [Function],
              },
              Object {
                "instance": null,
                "key": undefined,
                "nodeType": "function",
                "props": Object {
                  "content": "GitHub",
                  "href": "https://github.com/P3rzival/DeckJS",
                },
                "ref": null,
                "rendered": null,
                "type": [Function],
              },
            ],
            "type": [Function],
          },
        ],
        "type": [Function],
      },
      "type": [Function],
    },
    "type": [Function],
  },
  Symbol(enzyme.__nodes__): Array [
    Object {
      "instance": null,
      "key": undefined,
      "nodeType": "function",
      "props": Object {
        "children": <withHelpersModifiers(Navbar)>
          <withHelpersModifiers(NavbarBrand)
            isDisplay="flex"
            style={
              Object {
                "width": "100%",
              }
            }
          >
            <withHelpersModifiers(NavbarStart)
              style={
                Object {
                  "display": "flex",
                }
              }
            >
              <SocialMediaLinks />
            </withHelpersModifiers(NavbarStart)>
            <withHelpersModifiers(NavbarEnd)
              style={
                Object {
                  "display": "flex",
                  "marginLeft": "auto",
                }
              }
            >
              <NavbarRoute
                content="Home"
                href="/"
              />
              <NavbarRoute
                content="GitHub"
                href="https://github.com/P3rzival/DeckJS"
              />
            </withHelpersModifiers(NavbarEnd)>
          </withHelpersModifiers(NavbarBrand)>
        </withHelpersModifiers(Navbar)>,
      },
      "ref": null,
      "rendered": Object {
        "instance": null,
        "key": undefined,
        "nodeType": "function",
        "props": Object {
          "children": <withHelpersModifiers(NavbarBrand)
            isDisplay="flex"
            style={
              Object {
                "width": "100%",
              }
            }
          >
            <withHelpersModifiers(NavbarStart)
              style={
                Object {
                  "display": "flex",
                }
              }
            >
              <SocialMediaLinks />
            </withHelpersModifiers(NavbarStart)>
            <withHelpersModifiers(NavbarEnd)
              style={
                Object {
                  "display": "flex",
                  "marginLeft": "auto",
                }
              }
            >
              <NavbarRoute
                content="Home"
                href="/"
              />
              <NavbarRoute
                content="GitHub"
                href="https://github.com/P3rzival/DeckJS"
              />
            </withHelpersModifiers(NavbarEnd)>
          </withHelpersModifiers(NavbarBrand)>,
        },
        "ref": null,
        "rendered": Object {
          "instance": null,
          "key": undefined,
          "nodeType": "function",
          "props": Object {
            "children": Array [
              <withHelpersModifiers(NavbarStart)
                style={
                  Object {
                    "display": "flex",
                  }
                }
              >
                <SocialMediaLinks />
              </withHelpersModifiers(NavbarStart)>,
              <withHelpersModifiers(NavbarEnd)
                style={
                  Object {
                    "display": "flex",
                    "marginLeft": "auto",
                  }
                }
              >
                <NavbarRoute
                  content="Home"
                  href="/"
                />
                <NavbarRoute
                  content="GitHub"
                  href="https://github.com/P3rzival/DeckJS"
                />
              </withHelpersModifiers(NavbarEnd)>,
            ],
            "isDisplay": "flex",
            "style": Object {
              "width": "100%",
            },
          },
          "ref": null,
          "rendered": Array [
            Object {
              "instance": null,
              "key": undefined,
              "nodeType": "function",
              "props": Object {
                "children": <SocialMediaLinks />,
                "style": Object {
                  "display": "flex",
                },
              },
              "ref": null,
              "rendered": Object {
                "instance": null,
                "key": undefined,
                "nodeType": "function",
                "props": Object {},
                "ref": null,
                "rendered": null,
                "type": [Function],
              },
              "type": [Function],
            },
            Object {
              "instance": null,
              "key": undefined,
              "nodeType": "function",
              "props": Object {
                "children": Array [
                  <NavbarRoute
                    content="Home"
                    href="/"
                  />,
                  <NavbarRoute
                    content="GitHub"
                    href="https://github.com/P3rzival/DeckJS"
                  />,
                ],
                "style": Object {
                  "display": "flex",
                  "marginLeft": "auto",
                },
              },
              "ref": null,
              "rendered": Array [
                Object {
                  "instance": null,
                  "key": undefined,
                  "nodeType": "function",
                  "props": Object {
                    "content": "Home",
                    "href": "/",
                  },
                  "ref": null,
                  "rendered": null,
                  "type": [Function],
                },
                Object {
                  "instance": null,
                  "key": undefined,
                  "nodeType": "function",
                  "props": Object {
                    "content": "GitHub",
                    "href": "https://github.com/P3rzival/DeckJS",
                  },
                  "ref": null,
                  "rendered": null,
                  "type": [Function],
                },
              ],
              "type": [Function],
            },
          ],
          "type": [Function],
        },
        "type": [Function],
      },
      "type": [Function],
    },
  ],
  Symbol(enzyme.__options__): Object {
    "adapter": ReactSixteenAdapter {
      "options": Object {
        "enableComponentDidUpdateOnSetState": true,
      },
    },
  },
}
`;
