// Jest Snapshot v1, https://goo.gl/fbAQLP

exports[`Slide should render 1`] = `
ShallowWrapper {
  "length": 1,
  Symbol(enzyme.__root__): [Circular],
  Symbol(enzyme.__unrendered__): <Slide
    color="color"
    content={[Function]}
    subtitle="Substitle"
    title="Test"
  />,
  Symbol(enzyme.__renderer__): Object {
    "batchedUpdates": [Function],
    "getNode": [Function],
    "render": [Function],
    "simulateEvent": [Function],
    "unmount": [Function],
  },
  Symbol(enzyme.__node__): Object {
    "instance": null,
    "key": "Test",
    "nodeType": "function",
    "props": Object {
      "children": <withHelpersModifiers(HeroBody)
        style={
          Object {
            "display": "flex",
            "flexDirection": "column",
          }
        }
      >
        <SlideTitle
          subtitle="Substitle"
          title="Test"
        />
        <withHelpersModifiers(Container)
          hasTextAlign="centered"
        />
      </withHelpersModifiers(HeroBody)>,
      "isColor": "color",
      "isFullHeight": true,
    },
    "ref": null,
    "rendered": Object {
      "instance": null,
      "key": undefined,
      "nodeType": "function",
      "props": Object {
        "children": Array [
          <SlideTitle
            subtitle="Substitle"
            title="Test"
          />,
          <withHelpersModifiers(Container)
            hasTextAlign="centered"
          />,
        ],
        "style": Object {
          "display": "flex",
          "flexDirection": "column",
        },
      },
      "ref": null,
      "rendered": Array [
        Object {
          "instance": null,
          "key": undefined,
          "nodeType": "function",
          "props": Object {
            "subtitle": "Substitle",
            "title": "Test",
          },
          "ref": null,
          "rendered": null,
          "type": [Function],
        },
        Object {
          "instance": null,
          "key": undefined,
          "nodeType": "function",
          "props": Object {
            "children": undefined,
            "hasTextAlign": "centered",
          },
          "ref": null,
          "rendered": null,
          "type": [Function],
        },
      ],
      "type": [Function],
    },
    "type": [Function],
  },
  Symbol(enzyme.__nodes__): Array [
    Object {
      "instance": null,
      "key": "Test",
      "nodeType": "function",
      "props": Object {
        "children": <withHelpersModifiers(HeroBody)
          style={
            Object {
              "display": "flex",
              "flexDirection": "column",
            }
          }
        >
          <SlideTitle
            subtitle="Substitle"
            title="Test"
          />
          <withHelpersModifiers(Container)
            hasTextAlign="centered"
          />
        </withHelpersModifiers(HeroBody)>,
        "isColor": "color",
        "isFullHeight": true,
      },
      "ref": null,
      "rendered": Object {
        "instance": null,
        "key": undefined,
        "nodeType": "function",
        "props": Object {
          "children": Array [
            <SlideTitle
              subtitle="Substitle"
              title="Test"
            />,
            <withHelpersModifiers(Container)
              hasTextAlign="centered"
            />,
          ],
          "style": Object {
            "display": "flex",
            "flexDirection": "column",
          },
        },
        "ref": null,
        "rendered": Array [
          Object {
            "instance": null,
            "key": undefined,
            "nodeType": "function",
            "props": Object {
              "subtitle": "Substitle",
              "title": "Test",
            },
            "ref": null,
            "rendered": null,
            "type": [Function],
          },
          Object {
            "instance": null,
            "key": undefined,
            "nodeType": "function",
            "props": Object {
              "children": undefined,
              "hasTextAlign": "centered",
            },
            "ref": null,
            "rendered": null,
            "type": [Function],
          },
        ],
        "type": [Function],
      },
      "type": [Function],
    },
  ],
  Symbol(enzyme.__options__): Object {
    "adapter": ReactSixteenAdapter {
      "options": Object {
        "enableComponentDidUpdateOnSetState": true,
      },
    },
  },
}
`;
